[11:16:31] self-test
[19:59:44] System tray icon enabled.
[20:00:59] Checking dependencies...
[20:01:02] Python 3.14.6; Node.js v24.16.0; npm 11.13.0
[20:01:06] Redis is not running — starting container...
[20:01:06] Installing frontend packages if needed...
[20:01:15] Starting backend...
[20:02:16] System tray icon enabled.
[20:06:50] Checking dependencies...
[20:06:51] Python 3.14.6; Node.js v24.16.0; npm 11.13.0
[20:06:57] Redis is not running — starting container...
[20:06:57] Checking dependencies...
[20:06:57] Python 3.14.6; Node.js v24.16.0; npm 11.13.0
[20:06:57] Installing frontend packages if needed...
[20:07:06] Starting backend...
[20:07:06] Redis is not running — starting container...
[20:07:31] Installing frontend packages if needed...
[20:07:56] Starting backend...
[20:09:44] System tray icon enabled.
[20:13:10] Minimized to system tray.
[09:36:04] System tray icon enabled.
[09:36:16] Checking dependencies...
[09:36:19] Python 3.14.6; Node.js v24.16.0; npm 11.13.0
[09:36:23] Redis is not running — starting container...
[09:36:29] Installing frontend packages if needed...
[09:36:37] Starting backend...
[09:36:57] Starting frontend...
[09:38:52] Minimized to system tray.
[09:41:00] Startup aborted: frontend failed to start.
